[debug] [2026-08-26T15:32:29.222Z] ----------------------------------------------------------------------
[debug] [2026-08-26T15:32:29.223Z] Command:       /usr/local/bin/node /usr/local/bin/firebase init functions
[debug] [2026-08-26T15:32:29.223Z] CLI Version:   15.22.4
[debug] [2026-08-26T15:32:29.223Z] Platform:      darwin
[debug] [2026-08-26T15:32:29.223Z] Node Version:  v24.18.0
[debug] [2026-08-26T15:32:29.224Z] Detected Agent: unknown
[debug] [2026-08-26T15:32:29.224Z] Time:          Wed Aug 26 2026 21:02:29 GMT+0530 (India Standard Time)
[debug] [2026-08-26T15:32:29.224Z] ----------------------------------------------------------------------
[debug] 
[debug] [2026-08-26T15:32:29.224Z] >>> [apiv2][query] GET https://firebase-public.firebaseio.com/cli.json [none]
[info] 
     ######## #### ########  ######## ########     ###     ######  ########
     ##        ##  ##     ## ##       ##     ##  ##   ##  ##       ##
     ######    ##  ########  ######   ########  #########  ######  ######
     ##        ##  ##    ##  ##       ##     ## ##     ##       ## ##
     ##       #### ##     ## ######## ########  ##     ##  ######  ########

You're about to initialize a Firebase project in this directory:

  /Users/suhail/Desktop/Every_Life_Matters (ELM)

[info] 
=== Project Setup
[info] 
[info] First, let's associate this project directory with a Firebase project.
[info] You can create multiple project aliases by running firebase use --add, 
[info] 
[debug] [2026-08-26T15:32:30.275Z] <<< [apiv2][status] GET https://firebase-public.firebaseio.com/cli.json 200
[debug] [2026-08-26T15:32:30.275Z] <<< [apiv2][body] GET https://firebase-public.firebaseio.com/cli.json {"cloudBuildErrorAfter":1594252800000,"cloudBuildWarnAfter":1590019200000,"defaultNode10After":1594252800000,"minVersion":"3.0.5","node8DeploysDisabledAfter":1613390400000,"node8RuntimeDisabledAfter":1615809600000,"node8WarnAfter":1600128000000}
